                                                                       
   ▫▫▪ Synced Entries                                                  
                                                                       
  3 entries                                                            
                                                                       
│ Comment: Investigated the intermittent application error             
│ APP-123                        09:00  ...  10:00              (1h)   
                                                                       
  Prepare platform release                                             
  PLATFORM-4567                  Sep 4, 12:00  ...  Sep 5, 12:… (24h)  
                                                                       
  Update navigation layout                                             
  UI-89                          12:30  ...  13:30              (1h)   
                                                                       
                                                                       
                                                                       
                                                                       
                                                                       
                                                                       
                                                                       
                                                                       
                                                                       
                                                                       
                                                                       
                                                                       
                                                                       
                                                                       
                                                                       
                                                                       
 punchout   3 unsynced entries (1d 2h)                                 