                                                                                       
   ▫▫▪ Synced Entries                                                                  
                                                                                       
  3 entries                                                                            
                                                                                       
│ Comment: Investigated the intermittent application error                             
│ APP-123                                2 hours ago                            (1h)   
                                                                                       
  Prepare platform release                                                             
  PLATFORM-4567                          2 days ago                             (24h)  
                                                                                       
  Update navigation layout                                                             
  UI-89                                  1 hour from now                        (1h)   
                                                                                       
                                                                                       
                                                                                       
                                                                                       
                                                                                       
                                                                                       
                                                                                       
                                                                                       
                                                                                       
                                                                                       
                                                                                       
                                                                                       
                                                                                       
                                                                                       
                                                                                       
                                                                                       
 punchout   3 unsynced entries (1d 2h)                                                 