                                                            
   ▫▫▪ Synced Entries                                       
                                                            
  4 entries                                                 
                                                            
│ Comment: Investigated the intermittent application error  
│ APP-123                09:00 – 10:00          (1h)        
                                                            
  Prepare platform release                                  
  PLATFORM-4567          Tue, 09:00 – 10:00     (1h)        
                                                            
  Update navigation layout                                  
  UI-89                  Aug 29, 09:00 – 10:00  (1h)        
                                                            
  Improve search performance                                
  OPS-126                Wed, 23:00 – Thu, 01:… (2h)        
                                                            
                                                            
                                                            
                                                            
                                                            
                                                            
                                                            
                                                            
                                                            
                                                            
                                                            
                                                            
                                                            
 punchout   4 unsynced entries (5h)                         