                                                                        
   ▫▪▫ Worklog Entries                                                  
                                                                        
  3 entries                                                             
                                                                        
│ Comment: Investigated the intermittent application error              
│ APP-123      09:00  ... … (1h)           not synced                   
                                                                        
  Prepare platform release                                              
  PLATFORM-45… Sep 4, 12:0… (24h)          not synced      fallback c…  
                                                                        
  Update navigation layout                                              
  UI-89        12:30  ... … (1h)           not synced      fallback c…  
                                                                        
                                                                        
                                                                        
                                                                        
                                                                        
                                                                        
                                                                        
                                                                        
                                                                        
                                                                        
                                                                        
                                                                        
                                                                        
                                                                        
                                                                        
                                                                        
 punchout   3 unsynced entries (1d 2h)                                  