                                                                                                                                                     
   ▪▫▫ Issues                                                                                                                                        
                                                                                                                                                     
  5 issues                                                                                                                                           
                                                                                                                                                     
│ Resolve intermittent application error                                                                                                             
│ APP-123                                In Progress                            Ada Lovelace                                   Task          1h      
                                                                                                                                                     
  Prepare platform release                                                                                                                           
  PLATFORM-4567                          Failed                                 Grace Hopper                           Extremely Long Cust…  2h 45m  
                                                                                                                                                     
  Update navigation layout                                                                                                                           
  UI-89                                  In Progress                            後藤英一                                       Ops           1m      
                                                                                                                                                     
  Improve search performance                                                                                                                         
  OPS-126                                To Do                                  Alan Turing                                    機能          7d      
                                                                                                                                                     
  Coordinate regional infrastructure rollout                                                                                                         
  EXTRAORDINARILY-LONG-12345             Waiting for External Customer Review   ジョン・フォン・ノイマン               Extremely Long Cust…  24h     
                                                                                                                                                     
                                                                                                                                                     
                                                                                                                                                     
                                                                                                                                                     
                                                                                                                                                     
                                                                                                                                                     
                                                                                                                                                     
                                                                                                                                                     
                                                                                                                                                     
                                                                                                                                                     
 punchout   4 unsynced entries (5h)                                                                                                                  