                                                                                                                                     
   ▫▪▫ Worklog Entries                                                                                                               
                                                                                                                                     
  3 entries                                                                                                                          
                                                                                                                                     
│ Comment: Investigated the intermittent application error                                                                           
│ APP-123                        09:00  ...  10:00              (1h)                             not synced                          
                                                                                                                                     
  Prepare platform release                                                                                                           
  PLATFORM-4567                  Fri, 12:00  ...  Sat, 12:00    (24h)                            not synced      fallback comment    
                                                                                                                                     
  Update navigation layout                                                                                                           
  UI-89                          12:30  ...  13:30              (1h)                             not synced      fallback comment    
                                                                                                                                     
                                                                                                                                     
                                                                                                                                     
                                                                                                                                     
                                                                                                                                     
                                                                                                                                     
                                                                                                                                     
                                                                                                                                     
                                                                                                                                     
                                                                                                                                     
                                                                                                                                     
                                                                                                                                     
                                                                                                                                     
                                                                                                                                     
                                                                                                                                     
                                                                                                                                     
 punchout   3 unsynced entries (1d 2h)                                                                                               