{
  "_meta": {
    "io.modelcontextprotocol/serverInfo": {
      "name": "punchout",
      "version": ""
    }
  },
  "content": [
    {
      "type": "text",
      "text": "{\"begin_time\":\"2026/08/24 09:30\",\"comment\":\"implemented persistence boundary\",\"end_time\":\"2026/08/24 10:45\",\"issue_key\":\"TEST-123\"}"
    }
  ],
  "structuredContent": {
    "begin_time": "2026/08/24 09:30",
    "comment": "implemented persistence boundary",
    "end_time": "2026/08/24 10:45",
    "issue_key": "TEST-123"
  },
  "resultType": "complete"
}