success: false
exit_code: 1
----- stdout -----

----- stderr -----
Error: no configuration file found at "config/absent.toml"

Here's a sample config:

---
# String configuration values can reference environment variables. Referenced
# variables need to be set before running punchout.

# Optional. Defaults to punchout's standard database path.
# db_path = "$SOME_ENV_VAR/punchout.db"

[jira]
# Optional. Defaults to "onpremise". Allowed values: "onpremise", "cloud".
installation_type = "onpremise"

jira_url = "https://jira.company.com"
jira_token = "$PUNCHOUT_JIRA_TOKEN"

# For cloud installations, set installation_type to "cloud", use an API token,
# and provide a username.
# jira_username = "example@example.com"

# Put whatever JQL you want to use to query issues.
jql = "assignee = currentUser() AND updatedDate >= -14d ORDER BY updatedDate DESC"

# Optional. Time difference, in minutes, between your timezone and the JIRA
# server's timezone. Defaults to 0.
# jira_time_delta_mins = 300

# Optional. Used for worklogs when you do not provide a comment.
# fallback_comment = "work"

[tui]
# Optional. Defaults to false.
# use_cache_on_startup = true

# Optional. Defaults to "gruvbox-dark-hard".
# theme = "tokyonight"

[mcp]
# Optional. Defaults to "stdio". Allowed values: "stdio", "http".
# transport = "http"

# Optional. Used when transport is "http". Defaults to 18899.
# http_port = 9999
---

New to punchout? Run 'punchout tour' for a quick introduction.

