success: true
exit_code: 0
----- stdout -----
[Paths]
Config File Path                        config/good.toml
DB File Path                            db.db

[TUI]
Theme                                   gruvbox-dark-hard
Use Cache On Startup                    true

[JIRA]
JIRA Installation Type                  onpremise
JIRA URL                                https://jira.company.com
JIRA Token                              [REDACTED]
JQL                                     project = BLAH AND sprint in openSprints ()
JIRA Time Delta Mins                    300
Fallback Comment                        work

----- stderr -----

