                                                                                
                                                                                
                                                                                
                                                                                
                                                                                
                                                                                
                                                                                
                                                                                
                                                                                
                                    That's it                                   
                                                                                
                              Happy time tracking!                              
                                                                                
                         Press space to finish the tour                         
                                                                                
                                                                                
                                                                                
                                                                                
                                                                                
                                                                                
                                                                                
                                                                                
                                                                                
 punchout   6 / 6    h/← previous   esc/q quit   ] change theme                 