                                                                                
                                                                                
                                                                                
                                                                                
                                                                                
                                                                                
                                                                                
                                                                                
                                    Welcome                                     
                                                                                
              punchout takes the suck out of logging time on JIRA               
                                                                                
         This guide will briefly walk you through punchout's features.          
                                                                                
                          Press space/l/→ to continue                           
                                                                                
                                                                                
                                                                                
                                                                                
                                                                                
                                                                                
                                                                                
                                                                                
 punchout   1 / 6    space/l/→ next   esc/q quit   ] change theme               